// Jest Snapshot v1, https://goo.gl/fbAQLP

exports[`Portfolio details snapshot renders snapshot 1`] = `
<Fragment>
  Car id: 
  1
</Fragment>
`;
